   Compiling minase v1.2.0 (/home/stepney141/board-games/minase)
    Finished `test` profile [optimized + debuginfo] target(s) in 1m 10s
     Running unittests src/lib.rs (target/debug/deps/minase-78e9d7a6293a0ad5)

running 157 tests
test search::alphabeta::correction::tests::correction_fixed_point_weights_rounding_caps_and_sides ... ok
test search::alphabeta::correction::tests::correction_incremental_keys_match_seeded_playouts_and_undo ... ok
test search::alphabeta::correction::tests::correction_key_depends_on_counts_owner_and_promotion_not_squares ... ok
test search::alphabeta::see::tests::see_accepts_single_capture_lion_like_moves_without_mid ... ok
test search::alphabeta::see::tests::see_accounts_for_promotions_in_initial_and_recapture_moves ... ok
test search::alphabeta::see::tests::see_none_never_prunes_quiescence_captures ... ok
test search::alphabeta::see::tests::see_prunes_accounts_for_value_loss_on_forced_initial_promotion ... ok
test search::alphabeta::see::tests::see_prunes_includes_recapture_promotion_before_early_exit ... ok
test search::alphabeta::see::tests::see_prunes_matches_reference_on_bench_and_random_captures ... ok
test search::alphabeta::see::tests::see_prunes_preserves_late_rule_dependence_with_and_without_early_exit ... ok
test search::alphabeta::see::tests::see_prunes_respects_margin_and_strict_boundary ... ok
test search::alphabeta::see::tests::see_prunes_skips_lookup_at_the_promotion_gain_bound ... ok
test search::alphabeta::see::tests::see_prunes_stops_at_zero_and_skips_remaining_lookups ... ok
test search::alphabeta::see::tests::see_respects_p5_deferred_pawn_on_recapture ... ok
test search::alphabeta::see::tests::see_returns_none_for_rule_dependent_initial_moves ... ok
test search::alphabeta::see::tests::see_returns_none_for_rule_dependent_recaptures ... ok
test search::alphabeta::see::tests::see_values_lion_captures_of_non_lions ... ok
test search::alphabeta::see::tests::see_values_lion_like_special_recaptures ... ok
test search::alphabeta::see::tests::see_values_match_hand_calculated_exchange_sequences ... ok
test search::alphabeta::tests::captures::capture_ranks_preserve_value_order_and_equality ... ok
test search::alphabeta::tests::captures::double_capture_survives_when_each_victim_is_at_the_threshold ... ok
test search::alphabeta::tests::captures::initialized_candidate_presence_matches_filtered_reference ... ok
test search::alphabeta::tests::captures::kind_capture_ranks_match_all_piece_codes ... ok
test search::alphabeta::tests::captures::lion_capture_filter_preserves_remaining_tt_variants ... ok
test search::alphabeta::tests::captures::main_picker_captures_match_stable_reference_for_all_rules ... ok
test search::alphabeta::tests::captures::reset_discards_targets_from_partially_consumed_node ... ok
test search::alphabeta::tests::captures::rising_threshold_preserves_the_surviving_sequence ... ok
test search::alphabeta::tests::captures::staged_captures_match_reference_for_rules_tt_moves_and_thresholds ... ok
test search::alphabeta::tests::captures::stopping_in_first_group_leaves_later_groups_ungenerated ... ok
test search::alphabeta::tests::captures::tt_capture_is_returned_before_generating_groups ... ok
test search::alphabeta::tests::captures::warmed_buffers_retain_capacity_across_nodes ... ok
test search::alphabeta::tests::contracts::stage6_fixed_node_search_contract ... ok
test search::alphabeta::tests::contracts::stage6_long_history_search_contract ... ok
test search::alphabeta::tests::correction::correction_changes_futility_expansion_at_boundary ... ok
test search::alphabeta::tests::correction::correction_negamax_skips_mates_tt_cutoffs_and_interruption ... ok
test search::alphabeta::tests::correction::correction_negamax_update_conditions ... ok
test search::alphabeta::tests::correction::correction_search_move_and_null_move_propagate_material_keys ... ok
test search::alphabeta::tests::correction::correction_workers_are_independent_and_new_search_resets_table ... ok
test search::alphabeta::tests::handle::dropping_search_handle_requests_stop_and_joins_the_thread ... ok
test search::alphabeta::tests::handle::infinite_limits_stop_only_on_external_request ... ok
test search::alphabeta::tests::handle::join_returns_the_transposition_table_for_reuse ... ok
test search::alphabeta::tests::handle::node_limit_stops_the_search_with_a_legal_best_move ... ok
test search::alphabeta::tests::handle::progress_depths_start_at_one_and_increase_by_one ... ok
test search::alphabeta::tests::handle::search_apis_use_the_supplied_pst ... ok
test search::alphabeta::tests::handle::search_handle_join_returns_the_coordinator_panic ... ok
test search::alphabeta::tests::handle::search_with_node_limit_is_deterministic ... ok
test search::alphabeta::tests::handle::stop_or_tiny_budget_before_depth_one_still_yields_a_legal_best_move ... ok
test search::alphabeta::tests::limits::depth_limit_accepts_the_1_to_256_range_only ... ok
test search::alphabeta::tests::limits::limits_without_any_constraint_are_rejected_but_explicit_infinite_is_accepted ... ok
test search::alphabeta::tests::limits::snapshot_is_constructed_from_one_game_state ... ok
test search::alphabeta::tests::limits::synchronous_search_rejects_infinite_limits_without_panicking ... ok
test search::alphabeta::tests::limits::zero_search_budgets_are_rejected_at_construction ... ok
test search::alphabeta::tests::negamax::depth_zero_tt_score_does_not_cut_off_depth_one_negamax ... ok
test search::alphabeta::tests::negamax::iir_preserves_depth_below_three ... ok
test search::alphabeta::tests::negamax::iir_preserves_depth_when_tt_has_a_move ... ok
test search::alphabeta::tests::negamax::iir_reduces_depth_when_tt_entry_has_no_move ... ok
test search::alphabeta::tests::negamax::iir_tt_cutoff_uses_requested_depth_before_reduction ... ok
test search::alphabeta::tests::negamax::iir_without_tt_entry_searches_and_stores_reduced_depth ... ok
test search::alphabeta::tests::negamax::null_move_cutoff_without_captures_counts_no_nodes ... ok
test search::alphabeta::tests::ordering::staged_picker_classifies_all_generated_captures ... ok
test search::alphabeta::tests::ordering::staged_picker_classifies_capture_and_quiet_tt_moves ... ok
test search::alphabeta::tests::ordering::staged_picker_matches_reference_sequence_with_changing_history ... ok
test search::alphabeta::tests::ordering::staged_picker_respects_advisory_precedence ... ok
test search::alphabeta::tests::ordering::staged_picker_yields_every_legal_move_exactly_once ... ok
test search::alphabeta::tests::ponder::ponder_aspiration_research_preserves_iteration_start_and_stability ... ok
test search::alphabeta::tests::ponder::ponder_hit_before_first_completed_depth_returns_the_root_fallback ... ok
test search::alphabeta::tests::ponder::ponder_hit_before_worker_start_obeys_the_iteration_start_budget ... ok
test search::alphabeta::tests::ponder::ponder_hit_finishes_within_the_post_hit_budget_tolerance ... ok
test search::alphabeta::tests::ponder::ponder_ignores_time_until_hit_but_obeys_depth_nodes_and_stop ... ok
test search::alphabeta::tests::ponder::ponder_iteration_predictions_obey_hit_offset_and_exact_boundaries ... ok
test search::alphabeta::tests::ponder::ponder_long_iteration_stops_on_hit_without_spending_hard_budget ... ok
test search::alphabeta::tests::ponder::ponder_rechecks_pre_hit_iterations_once_and_checks_hard_first ... ok
test search::alphabeta::tests::ponder::ponder_team_adopts_completed_auxiliary_result_after_main_recheck ... ok
test search::alphabeta::tests::ponder::ponderhit_records_only_the_first_notification_even_before_worker_start ... ok
test search::alphabeta::tests::pruning::futility_reduces_quiet_nodes_without_false_mate ... ok
test search::alphabeta::tests::pruning::futility_searches_captures_and_promotions_after_quiet_tt_move ... ok
test search::alphabeta::tests::pruning::futility_searches_safe_quiets_after_losing_tt_move ... ok
test search::alphabeta::tests::pruning::lmr_history_adjustment_precedes_clamping ... ok
test search::alphabeta::tests::pruning::lmr_large_move_indices_use_last_column ... ok
test search::alphabeta::tests::pruning::lmr_reduction_preserves_remaining_depth ... ok
test search::alphabeta::tests::pruning::lmr_table_follows_logarithmic_rule ... ok
test search::alphabeta::tests::pruning::see_pruning_searches_first_capture_without_false_mate ... ok
test search::alphabeta::tests::pruning::see_pruning_searches_last_royal_capture_after_quiet_tt_move ... ok
test search::alphabeta::tests::pruning::see_pruning_searches_rule_dependent_capture ... ok
test search::alphabeta::tests::pruning::see_pruning_searches_safe_capture_after_losing_tt_move ... ok
test search::alphabeta::tests::pruning::see_pruning_skips_losing_capture_only_at_eligible_nodes ... ok
test search::alphabeta::tests::quiesce::quiescence_avoids_a_losing_rook_for_pawn_capture ... ok
test search::alphabeta::tests::quiesce::quiescence_empty_candidates_do_not_probe_or_store ... ok
test search::alphabeta::tests::quiesce::quiescence_mate_score_round_trips_through_the_tt ... ok
test search::alphabeta::tests::quiesce::quiescence_max_ply_leaf_does_not_probe_or_store ... ok
test search::alphabeta::tests::quiesce::quiescence_records_bounds_and_no_move_by_exit_path ... ok
test search::alphabeta::tests::quiesce::quiescence_see_pruned_candidates_still_store ... ok
test search::alphabeta::tests::quiesce::quiescence_stand_pat_cutoff_does_not_probe_or_store ... ok
test search::alphabeta::tests::quiesce::quiescence_stand_pat_declines_a_losing_capture ... ok
test search::alphabeta::tests::quiesce::quiescence_stores_depth_zero_and_reuses_it_on_revisit ... ok
test search::alphabeta::tests::quiesce::quiescence_tt_cuts_off_all_three_bounds_at_inclusive_edges ... ok
test search::alphabeta::tests::quiesce::quiescence_without_captures_matches_static_evaluation ... ok
test search::alphabeta::tests::root::aspiration_initial_window_uses_only_eligible_previous_scores ... ok
test search::alphabeta::tests::root::aspiration_interruption_preserves_the_last_completed_iteration ... ok
test search::alphabeta::tests::root::aspiration_normalizes_initial_and_widened_mate_edges ... ok
test search::alphabeta::tests::root::aspiration_researches_scores_equal_to_either_edge ... ok
test search::alphabeta::tests::root::aspiration_widens_only_the_failed_side ... ok
test search::alphabeta::tests::root::root_fail_low_keeps_the_best_bound_move_for_research ... ok
test search::alphabeta::tests::root::root_window_classifies_bounds_and_cuts_off_remaining_moves ... ok
test search::alphabeta::tests::royal::royal_under_attack_includes_crown_prince_alone ... ok
test search::alphabeta::tests::royal::royal_under_attack_includes_lion_jump_and_only_opponents ... ok
test search::alphabeta::tests::scoring::capture_of_the_first_of_two_royals_scores_as_material_gain ... ok
test search::alphabeta::tests::scoring::depth_one_capture_of_the_last_royal_scores_mate ... ok
test search::alphabeta::tests::scoring::free_lion_capture_is_preferred_without_entering_the_mate_band ... ok
test search::alphabeta::tests::scoring::lion_double_capture_of_both_royals_scores_mate ... ok
test search::alphabeta::tests::scoring::opponent_with_no_legal_moves_scores_mate_minus_one_ply ... ok
test search::alphabeta::tests::scoring::without_history_the_repetition_fixture_scores_a_mate_band_loss ... ok
test search::alphabeta::tests::stats::best_move_rank_histogram_counts_each_bucket_and_research_calls ... ok
test search::alphabeta::tests::stats::depth_zero_and_early_quiesce_returns_count_only_quiesce_calls ... ok
test search::alphabeta::tests::stats::fail_low_and_interrupted_nodes_do_not_enter_rank_histogram ... ok
test search::alphabeta::tests::stats::first_searched_move_beta_cutoff_is_counted ... ok
test search::alphabeta::tests::stats::insufficient_tt_depth_is_a_hit_without_a_cutoff ... ok
test search::alphabeta::tests::stats::normal_tt_repeat_counts_probe_hit_and_cutoff ... ok
test search::alphabeta::tests::stats::null_move_cutoff_counts_its_quiesce_call_without_a_move_cutoff ... ok
test search::alphabeta::tests::stats::quiesce_tt_repeat_counts_probe_hit_and_cutoff_separately ... ok
test search::alphabeta::tests::stats::single_worker_fixed_depth_stats_are_reproducible ... ok
test search::alphabeta::tests::stats::two_worker_search_stats_equal_the_sum_of_worker_counts ... ok
test search::alphabeta::tests::team::auxiliary_depth_sequences_follow_the_worker_period_and_include_the_limit ... ok
test search::alphabeta::tests::team::external_stop_takes_priority_over_the_node_limit ... ok
test search::alphabeta::tests::team::four_worker_fixed_depth_finishes_at_the_limit_with_a_legal_move ... ok
test search::alphabeta::tests::team::four_worker_node_limit_never_exceeds_the_team_budget ... ok
test search::alphabeta::tests::team::multi_worker_teams_finish_once_and_return_the_shared_table ... ok
test search::alphabeta::tests::team::panicking_worker_stops_and_joins_the_remaining_team_before_propagation ... ok
test search::alphabeta::tests::team::worker_outcome_selection_uses_depth_then_worker_index_and_excludes_zero ... ok
test search::alphabeta::tests::time::clock_budget_matches_the_normative_formula ... ok
test search::alphabeta::tests::time::clock_budget_preserves_bounds_over_a_deterministic_grid ... ok
test search::alphabeta::tests::time::clock_driven_searches_stop_with_a_time_limit_reason ... ok
test search::alphabeta::tests::time::moves_to_go_decreases_monotonically_to_the_documented_floor ... ok
test search::alphabeta::tests::time::movetime_alone_sets_both_soft_and_hard_to_the_given_value ... ok
test search::alphabeta::tests::time::movetime_and_clock_combine_per_limit_by_taking_the_smaller ... ok
test search::alphabeta::tests::time::movetime_search_respects_the_hard_limit_and_returns_a_legal_move ... ok
test search::alphabeta::tests::time::next_iteration_gate_stops_main_worker_with_a_legal_best_move ... ok
test search::alphabeta::tests::time::next_iteration_requires_both_time_conditions ... ok
test search::alphabeta::tests::time::next_iteration_stable_requires_the_prediction_within_soft ... ok
test search::alphabeta::tests::time::opening_coefficient_scales_only_the_byoyomi_term ... ok
test search::alphabeta::tests::time::stable_signal_requires_four_identical_recent_best_moves ... ok
test search::alphabeta::tests::tt::atomic_tt_fields_round_trip_through_probe ... ok
test search::alphabeta::tests::tt::idle_resize_applies_and_later_searches_complete ... ok
test search::alphabeta::tests::tt::illegal_transposition_table_move_is_ignored_at_the_root ... ok
test search::alphabeta::tests::tt::invalid_table_sizes_are_reported_without_panicking ... ok
test search::alphabeta::tests::tt::malformed_atomic_tt_entries_are_probe_misses ... ok
test search::alphabeta::tests::tt::packed_moves_round_trip_across_field_boundaries ... ok
test search::alphabeta::tests::tt::repetition_draw_values_are_not_stored_in_the_table ... ok
test search::alphabeta::tests::tt::tt_clear_empties_all_entries_and_search_restarts ... ok
test search::alphabeta::tests::tt::tt_clear_is_skipped_until_a_search_uses_the_table ... ok
test search::alphabeta::tests::tt::tt_replacement_follows_same_key_generation_then_depth ... ok
test search::alphabeta::tests::tt::tt_scores_round_trip_between_root_and_node_relative_forms ... ok
test search::alphabeta::tests::tuning::tuning_default_clock_budget_matches_reference_grid ... ok
test search::alphabeta::tests::tuning::tuning_default_iteration_prediction_matches_reference_grid ... ok
test search::alphabeta::tests::tuning::tuning_default_null_move_and_aspiration_match_reference ... ok
test search::alphabeta::tests::tuning::tuning_parameters_and_usi_contract_in_isolated_process ... ok
test search::alphabeta::tt::diagnostic_tests::diagnostic_probe_preserves_entries_and_corrects_mate_distance ... ok

test result: ok. 157 passed; 0 failed; 0 ignored; 0 measured; 541 filtered out; finished in 6.53s

